1Pass!
2Pass!
1 Pass!
2 Pass!
1 Pass!
2 Pass!
1 Pass!
2 Pass!
1 Pass!
2 Pass!
1 Pass!
2 Pass!
3 Pass!
1 Pass!
2 Pass!
3 Pass!
